[
  {
    "addresses": {
      "holding": [
        37610
      ]
    },
    "key": "bat_current",
    "name": "Battery Current",
    "scale": 0.1,
    "signed": true,
    "type": "sensor"
  },
  {
    "addresses": {
      "holding": [
        39238,
        39237
      ]
    },
    "key": "battery_charge",
    "name": "Battery Charge",
    "scale": 0.001,
    "signed": true,
    "type": "sensor"
  },
  {
    "addresses": {
      "holding": [
        39608,
        39607
      ]
    },
    "key": "battery_charge_today",
    "name": "Battery Charge Today",
    "scale": 0.1,
    "signed": true,
    "type": "sensor"
  },
  {
    "addresses": {
      "holding": [
        39606,
        39605
      ]
    },
    "key": "battery_charge_total",
    "name": "Battery Charge Total",
    "scale": 0.1,
    "signed": false,
    "type": "sensor"
  },
  {
    "addresses": {
      "holding": [
        39238,
        39237
      ]
    },
    "key": "battery_discharge",
    "name": "Battery Discharge",
    "scale": 0.001,
    "signed": true,
    "type": "sensor"
  },
  {
    "addresses": {
      "holding": [
        39612,
        39611
      ]
    },
    "key": "battery_discharge_today",
    "name": "Battery Discharge Today",
    "scale": 0.1,
    "signed": true,
    "type": "sensor"
  },
  {
    "addresses": {
      "holding": [
        39610,
        39609
      ]
    },
    "key": "battery_discharge_total",
    "name": "Battery Discharge Total",
    "scale": 0.1,
    "signed": false,
    "type": "sensor"
  },
  {
    "addresses": {
      "holding": [
        37612
      ]
    },
    "key": "battery_soc",
    "name": "Battery SoC",
    "scale": null,
    "signed": false,
    "type": "sensor"
  },
  {
    "addresses": {
      "holding": [
        37611
      ]
    },
    "key": "battery_temp",
    "name": "Battery Temp",
    "scale": 0.1,
    "signed": true,
    "type": "sensor"
  },
  {
    "addresses": {
      "holding": [
        37609
      ]
    },
    "key": "batvolt",
    "name": "Battery Voltage",
    "scale": 0.1,
    "signed": true,
    "type": "sensor"
  },
  {
    "addresses": {
      "holding": [
        37619
      ]
    },
    "key": "bms_cell_mv_high",
    "name": "BMS Cell mV High",
    "scale": null,
    "signed": false,
    "type": "sensor"
  },
  {
    "addresses": {
      "holding": [
        37610
      ]
    },
    "key": "bms_cell_mv_low",
    "name": "BMS Cell mV Low",
    "scale": null,
    "signed": false,
    "type": "sensor"
  },
  {
    "addresses": {
      "holding": [
        37617
      ]
    },
    "key": "bms_cell_temp_high",
    "name": "BMS Cell Temp High",
    "scale": 0.1,
    "signed": true,
    "type": "sensor"
  },
  {
    "addresses": {
      "holding": [
        37618
      ]
    },
    "key": "bms_cell_temp_low",
    "name": "BMS Cell Temp Low",
    "scale": 0.1,
    "signed": true,
    "type": "sensor"
  },
  {
    "addresses": {
      "holding": [
        37632
      ]
    },
    "key": "bms_kwh_remaining",
    "name": "BMS kWh Remaining",
    "scale": 0.01,
    "signed": false,
    "type": "sensor"
  },
  {
    "addresses": {
      "holding": [
        38915,
        38914
      ]
    },
    "key": "ct2_meter",
    "name": "CT2 Meter",
    "scale": 0.0001,
    "signed": true,
    "type": "sensor"
  },
  {
    "addresses": {
      "holding": [
        39218
      ]
    },
    "key": "eps_frequency",
    "name": "EPS Frequency",
    "scale": 0.01,
    "signed": false,
    "type": "sensor"
  },
  {
    "addresses": {
      "holding": [
        38815,
        38814
      ]
    },
    "key": "feed_in",
    "name": "Feed-in",
    "scale": 0.0001,
    "signed": true,
    "type": "sensor"
  },
  {
    "addresses": {
      "holding": [
        39616,
        39615
      ]
    },
    "key": "feed_in_energy_today",
    "name": "Feed-in Today",
    "scale": 0.1,
    "signed": true,
    "type": "sensor"
  },
  {
    "addresses": {
      "holding": [
        39614,
        39613
      ]
    },
    "key": "feed_in_energy_total",
    "name": "Feed-in Total",
    "scale": 0.1,
    "signed": false,
    "type": "sensor"
  },
  {
    "addresses": {
      "holding": [
        38815,
        38814
      ]
    },
    "key": "grid_consumption",
    "name": "Grid Consumption",
    "scale": 0.0001,
    "signed": true,
    "type": "sensor"
  },
  {
    "addresses": {
      "holding": [
        39620,
        39619
      ]
    },
    "key": "grid_consumption_energy_today",
    "name": "Grid Consumption Today",
    "scale": 0.1,
    "signed": true,
    "type": "sensor"
  },
  {
    "addresses": {
      "holding": [
        39618,
        39617
      ]
    },
    "key": "grid_consumption_energy_total",
    "name": "Grid Consumption Total",
    "scale": 0.1,
    "signed": false,
    "type": "sensor"
  },
  {
    "addresses": {
      "holding": [
        38815,
        38814
      ]
    },
    "key": "grid_ct",
    "name": "Grid CT",
    "scale": 0.0001,
    "signed": true,
    "type": "sensor"
  },
  {
    "addresses": {
      "holding": [
        39628,
        39627
      ]
    },
    "key": "input_energy_today",
    "name": "Input Energy Today",
    "scale": 0.1,
    "signed": true,
    "type": "sensor"
  },
  {
    "addresses": {
      "holding": [
        39626,
        39625
      ]
    },
    "key": "input_energy_total",
    "name": "Input Energy Total",
    "scale": 0.1,
    "signed": false,
    "type": "sensor"
  },
  {
    "addresses": {
      "holding": [
        39229,
        39228
      ]
    },
    "key": "invbatcurrent",
    "name": "Inverter Battery Current",
    "scale": 0.1,
    "signed": true,
    "type": "sensor"
  },
  {
    "addresses": {
      "holding": [
        39238,
        39237
      ]
    },
    "key": "invbatpower",
    "name": "Inverter Battery Power",
    "scale": 0.001,
    "signed": true,
    "type": "sensor"
  },
  {
    "addresses": {
      "holding": [
        39227
      ]
    },
    "key": "invbatvolt",
    "name": "Inverter Battery Voltage",
    "scale": 0.1,
    "signed": true,
    "type": "sensor"
  },
  {
    "addresses": {
      "holding": [
        39067,
        39068,
        39069
      ]
    },
    "faults": [
      [
        "PV Over-voltage",
        "DC arc fault",
        "String reverse connection",
        null,
        null,
        null,
        null,
        "Grid Lost Fault",
        "Grid Voltage Fault",
        null,
        null,
        "Grid Frequency Fault",
        null,
        null,
        "Output Over-current Fault",
        "Output DC Over-current Fault"
      ],
      [
        "Residual Current Consistency Fault",
        "Ground Connection Fault",
        "Low Insulation Resistante Fault",
        "Inverter Over-temperature Fault",
        null,
        null,
        null,
        null,
        null,
        "Energy Storage Equipment Abnormal Fault",
        "Isolated Island Fault",
        null,
        null,
        null,
        "Off-grid Output Overload Fault",
        null
      ],
      [
        null,
        null,
        null,
        "External Fan Fault",
        "Energy Storage Reverse Connection Fault",
        null,
        null,
        null,
        null,
        "Meter Lost Fault",
        "BMS Lost Fault",
        null,
        null,
        null,
        null,
        null
      ]
    ],
    "key": "inverter_fault_code",
    "name": "Inverter Fault Code",
    "type": "fault-sensor"
  },
  {
    "addresses": {
      "holding": [
        39063,
        39065
      ]
    },
    "key": "inverter_state",
    "name": "Inverter State",
    "type": "inverter-state-sensor"
  },
  {
    "addresses": {
      "holding": [
        39141
      ]
    },
    "key": "invtemp",
    "name": "Inverter Temp",
    "scale": 0.1,
    "signed": true,
    "type": "sensor"
  },
  {
    "addresses": {
      "holding": [
        39632,
        39631
      ]
    },
    "key": "load_energy_today",
    "name": "Load Energy Today",
    "scale": 0.1,
    "signed": true,
    "type": "sensor"
  },
  {
    "addresses": {
      "holding": [
        39226,
        39225
      ]
    },
    "key": "load_power",
    "name": "Load Power",
    "scale": 0.001,
    "signed": true,
    "type": "sensor"
  },
  {
    "addresses": {
      "holding": [
        39630,
        39629
      ]
    },
    "key": "load_power_total",
    "name": "Load Energy Total",
    "scale": 0.1,
    "signed": false,
    "type": "sensor"
  },
  {
    "addresses": {
      "holding": [
        36003
      ]
    },
    "is_hex": true,
    "key": "manager_version",
    "name": "Version: Manager",
    "type": "sensor"
  },
  {
    "addresses": {
      "holding": [
        36001
      ]
    },
    "is_hex": false,
    "key": "master_version",
    "name": "Version: Master",
    "type": "sensor"
  },
  {
    "addresses": {
      "holding": [
        46607
      ]
    },
    "key": "max_charge_current",
    "name": "Max Charge Current",
    "scale": 0.1,
    "signed": true,
    "type": "sensor"
  },
  {
    "addresses": {
      "holding": [
        46607
      ]
    },
    "key": "max_charge_current",
    "name": "Max Charge Current",
    "scale": 0.1,
    "type": "number"
  },
  {
    "addresses": {
      "holding": [
        46608
      ]
    },
    "key": "max_discharge_current",
    "name": "Max Discharge Current",
    "scale": 0.1,
    "signed": true,
    "type": "sensor"
  },
  {
    "addresses": {
      "holding": [
        46608
      ]
    },
    "key": "max_discharge_current",
    "name": "Max Discharge Current",
    "scale": 0.1,
    "type": "number"
  },
  {
    "addresses": {
      "holding": [
        46610
      ]
    },
    "key": "max_soc",
    "name": "Max SoC",
    "scale": null,
    "signed": true,
    "type": "sensor"
  },
  {
    "addresses": {
      "holding": [
        46610
      ]
    },
    "key": "max_soc",
    "name": "Max SoC",
    "scale": null,
    "type": "number"
  },
  {
    "addresses": {
      "holding": [
        46609
      ]
    },
    "key": "min_soc",
    "name": "Min SoC",
    "scale": null,
    "signed": true,
    "type": "sensor"
  },
  {
    "addresses": {
      "holding": [
        46609
      ]
    },
    "key": "min_soc",
    "name": "Min SoC",
    "scale": null,
    "type": "number"
  },
  {
    "addresses": {
      "holding": [
        46611
      ]
    },
    "key": "min_soc_on_grid",
    "name": "Min SoC (On Grid)",
    "scale": null,
    "signed": true,
    "type": "sensor"
  },
  {
    "addresses": {
      "holding": [
        46611
      ]
    },
    "key": "min_soc_on_grid",
    "name": "Min SoC (On Grid)",
    "scale": null,
    "type": "number"
  },
  {
    "addresses": {
      "holding": [
        39071
      ]
    },
    "key": "pv1_current",
    "name": "PV1 Current",
    "scale": 0.01,
    "signed": true,
    "type": "sensor"
  },
  {
    "key": "pv1_energy_total",
    "method": "left",
    "name": "PV1 Power Total",
    "register_types": "dict_keys(['input', 'holding'])",
    "source": "pv1_power",
    "type": "integration-sensor",
    "unit_time": "h"
  },
  {
    "addresses": {
      "holding": [
        39280,
        39279
      ]
    },
    "key": "pv1_power",
    "name": "PV1 Power",
    "scale": 0.001,
    "signed": true,
    "type": "sensor"
  },
  {
    "addresses": {
      "holding": [
        39070
      ]
    },
    "key": "pv1_voltage",
    "name": "PV1 Voltage",
    "scale": 0.1,
    "signed": true,
    "type": "sensor"
  },
  {
    "addresses": {
      "holding": [
        39073
      ]
    },
    "key": "pv2_current",
    "name": "PV2 Current",
    "scale": 0.01,
    "signed": true,
    "type": "sensor"
  },
  {
    "key": "pv2_energy_total",
    "method": "left",
    "name": "PV2 Power Total",
    "register_types": "dict_keys(['input', 'holding'])",
    "source": "pv2_power",
    "type": "integration-sensor",
    "unit_time": "h"
  },
  {
    "addresses": {
      "holding": [
        39282,
        39281
      ]
    },
    "key": "pv2_power",
    "name": "PV2 Power",
    "scale": 0.001,
    "signed": true,
    "type": "sensor"
  },
  {
    "addresses": {
      "holding": [
        39072
      ]
    },
    "key": "pv2_voltage",
    "name": "PV2 Voltage",
    "scale": 0.1,
    "signed": true,
    "type": "sensor"
  },
  {
    "addresses": {
      "holding": [
        39075
      ]
    },
    "key": "pv3_current",
    "name": "PV3 Current",
    "scale": 0.01,
    "signed": true,
    "type": "sensor"
  },
  {
    "key": "pv3_energy_total",
    "method": "left",
    "name": "PV3 Power Total",
    "register_types": "dict_keys(['input', 'holding'])",
    "source": "pv3_power",
    "type": "integration-sensor",
    "unit_time": "h"
  },
  {
    "addresses": {
      "holding": [
        39284,
        39283
      ]
    },
    "key": "pv3_power",
    "name": "PV3 Power",
    "scale": 0.001,
    "signed": true,
    "type": "sensor"
  },
  {
    "addresses": {
      "holding": [
        39074
      ]
    },
    "key": "pv3_voltage",
    "name": "PV3 Voltage",
    "scale": 0.1,
    "signed": true,
    "type": "sensor"
  },
  {
    "addresses": {
      "holding": [
        39077
      ]
    },
    "key": "pv4_current",
    "name": "PV4 Current",
    "scale": 0.01,
    "signed": true,
    "type": "sensor"
  },
  {
    "key": "pv4_energy_total",
    "method": "left",
    "name": "PV4 Power Total",
    "register_types": "dict_keys(['input', 'holding'])",
    "source": "pv4_power",
    "type": "integration-sensor",
    "unit_time": "h"
  },
  {
    "addresses": {
      "holding": [
        39286,
        39285
      ]
    },
    "key": "pv4_power",
    "name": "PV4 Power",
    "scale": 0.001,
    "signed": true,
    "type": "sensor"
  },
  {
    "addresses": {
      "holding": [
        39076
      ]
    },
    "key": "pv4_voltage",
    "name": "PV4 Voltage",
    "scale": 0.1,
    "signed": true,
    "type": "sensor"
  },
  {
    "addresses": {
      "holding": [
        39119,
        39118
      ]
    },
    "key": "pv_power_now",
    "name": "PV Power",
    "scale": 0.001,
    "signed": true,
    "type": "sensor"
  },
  {
    "addresses": {
      "holding": [
        38847,
        38846
      ]
    },
    "key": "rfreq",
    "name": "Grid Frequency",
    "scale": 0.01,
    "signed": false,
    "type": "sensor"
  },
  {
    "addresses": {
      "holding": [
        36002
      ]
    },
    "is_hex": false,
    "key": "slave_version",
    "name": "Version: Slave",
    "type": "sensor"
  },
  {
    "addresses": {
      "holding": [
        39604,
        39603
      ]
    },
    "key": "solar_energy_today",
    "name": "Solar Generation Today",
    "scale": 0.1,
    "signed": false,
    "type": "sensor"
  },
  {
    "addresses": {
      "holding": [
        39602,
        39601
      ]
    },
    "key": "solar_energy_total",
    "name": "Solar Generation Total",
    "scale": 0.1,
    "signed": false,
    "type": "sensor"
  },
  {
    "addresses": {
      "holding": [
        39624,
        39623
      ]
    },
    "key": "total_yield_today",
    "name": "Yield Today",
    "scale": 0.1,
    "signed": true,
    "type": "sensor"
  },
  {
    "addresses": {
      "holding": [
        39622,
        39621
      ]
    },
    "key": "total_yield_total",
    "name": "Yield Total",
    "scale": 0.1,
    "signed": false,
    "type": "sensor"
  },
  {
    "addresses": {
      "holding": [
        49203
      ]
    },
    "key": "work_mode",
    "name": "Work Mode",
    "type": "select",
    "values": {
      "1": "Self Use",
      "2": "Feed-in First",
      "3": "Back-up",
      "4": "Peak Shaving",
      "6": "Force Charge"
    }
  }
]
